automerge: false
parallel_apply: true
parallel_plan: true
projects:
- autoplan:
    enabled: false
    when_modified:
    - '*.hcl'
    - '*.tf*'
    - ../../../root.hcl
  dir: prod/.terragrunt-stack/service
  name: prod_terragrunt-stack_service
version: 3
